// Jest Snapshot v1, https://goo.gl/fbAQLP

exports[`Login Component should take a snapshot 1`] = `
<DocumentFragment>
  <section
    class="login"
  >
    <h3>
      Welcome back, login!
    </h3>
    <form
      class="login-form"
    >
      <div
        class="form-group"
      >
        <label
          for="username"
        >
          <strong>
            username 
          </strong>
          <input
            id="username"
            required=""
            type="text"
          />
        </label>
      </div>
      <div
        class="form-group"
      >
        <label
          for="password"
        >
          <strong>
            password 
          </strong>
          <input
            id="password"
            required=""
            type="password"
          />
        </label>
      </div>
      <button
        type="submit"
      >
        login
      </button>
    </form>
  </section>
</DocumentFragment>
`;
